Microchip MPLAB XC8 Compiler V2.36

Linker command line:

-W-3 --edf=C:\Program Files\Microchip\xc8\v2.36\pic\dat\en_msgs.txt -cn \
  -h+dist/default/production\PF906_motor_control_code_V4b.X.production.sym \
  --cmf=dist/default/production\PF906_motor_control_code_V4b.X.production.cmf \
  -z -Q16F690 -oC:\Users\PAULNO~1\AppData\Local\Temp\xcAs6jk.4 \
  --defsym=__MPLAB_BUILD=1 \
  -Mdist/default/production/PF906_motor_control_code_V4b.X.production.map \
  --md=C:\Users\PAULNO~1\AppData\Local\Temp\xcAs6jk.dat -E1 \
  -ver=XC8 Compiler --acfsm=1493 -ACODE=00h-07FFhx2 -ASTRCODE=00h-0FFFh \
  -ASTRING=00h-0FFhx16 -ACONST=00h-0FFhx16 -AENTRY=00h-0FFhx16 \
  -ACOMMON=070h-07Fh -ABANK0=020h-06Fh -ABANK1=0A0h-0EFh \
  -ABANK2=0120h-016Fh -ARAM=020h-06Fh,0A0h-0EFh,0120h-016Fh \
  -AABS1=020h-07Fh,0A0h-0EFh,0120h-016Fh -ASFR0=00h-01Fh -ASFR1=080h-09Fh \
  -ASFR2=0100h-011Fh -ASFR3=0180h-01EFh -ACONFIG=02007h-02007h -DCONFIG=2 \
  -AIDLOC=02000h-02003h -DIDLOC=2 -AEEDATA=00h-0FFh/02100h \
  -peeprom_data=EEDATA -DEEDATA=2 -DCODE=2 -DSTRCODE=2 -DSTRING=2 -DCONST=2 \
  -DENTRY=2 -preset_vec=00h,intentry=04h,init,end_init -ppowerup=CODE \
  -pcinit=CODE -pfunctab=ENTRY -k \
  C:\Users\PAULNO~1\AppData\Local\Temp\xcAs6jk.o \
  dist/default/production\PF906_motor_control_code_V4b.X.production.o 

Object code version is 3.11

Machine type is 16F690



                Name                               Link     Load   Length Selector   Space Scale
C:\Users\PAULNO~1\AppData\Local\Temp\xcAs6jk.o
                end_init                              B        B        2        8       0
                reset_vec                             0        0        2        0       0
                config                             2007     2007        1        0       4
                idloc                              2000     2000        4        0       5
dist/default/production\PF906_motor_control_code_V4b.X.production.o
                cinit                                 D        D       22        8       0
                intentry                              4        4        7        8       0
                config                             2007     2007        1        0       4
                idloc                              2000     2000        4        0       5
                text6                               176      176       2D        8       0
                text5                               1A3      1A3       20        8       0
                text4                                E9       E9       4F        8       0
                text3                               20A      20A        A      414       0
                text2                               1C3      1C3       1E        8       0
                text1                               138      138       3E        8       0
                maintext                             2F       2F       BA        8       0
                cstackBANK0                          35       35        3       20       1
                cstackCOMMON                         70       70        7       70       1
                inittext                            1E1      1E1       11        8       0
                dataBANK0                            20       20        C       20       1
                bssBANK0                             2C       2C        9       20       1
                dataCOMMON                           79       79        2       70       1
                bssCOMMON                            77       77        2       70       1
                strings                             200      200        A      400       0
                idataBANK0                          1F2      1F2        C        8       0
                idataCOMMON                         214      214        2      414       0

TOTAL           Name                               Link     Load   Length     Space
        CLASS   CODE           
                end_init                              B        B        2         0
                cinit                                 D        D       22         0
                intentry                              4        4        7         0
                reset_vec                             0        0        2         0
                text6                               176      176       2D         0
                text5                               1A3      1A3       20         0
                text4                                E9       E9       4F         0
                text3                               20A      20A        A         0
                text2                               1C3      1C3       1E         0
                text1                               138      138       3E         0
                maintext                             2F       2F       BA         0
                inittext                            1E1      1E1       11         0
                idataBANK0                          1F2      1F2        C         0
                idataCOMMON                         214      214        2         0

        CLASS   STRCODE        

        CLASS   STRING         
                strings                             200      200        A         0

        CLASS   CONST          

        CLASS   ENTRY          

        CLASS   COMMON         
                cstackCOMMON                         70       70        7         1
                dataCOMMON                           79       79        2         1
                bssCOMMON                            77       77        2         1

        CLASS   BANK0          
                cstackBANK0                          35       35        3         1
                dataBANK0                            20       20        C         1
                bssBANK0                             2C       2C        9         1

        CLASS   BANK1          

        CLASS   BANK2          

        CLASS   RAM            

        CLASS   ABS1           
                abs_s1                               7E       7E        2         1

        CLASS   SFR0           

        CLASS   SFR1           

        CLASS   SFR2           

        CLASS   SFR3           

        CLASS   CONFIG         
                config                             2007     2007        1         4

        CLASS   IDLOC          
                idloc                              2000     2000        4         5

        CLASS   EEDATA         

        CLASS   BANK3          

        CLASS   STACK          



SEGMENTS        Name                           Load    Length   Top    Selector   Space  Class     Delta

                reset_vec                      000000  000002  000002         0       0  CODE        2
                intentry                       000004  0001FA  0001FE         8       0  CODE        2
                dataBANK0                      000020  000018  000038        20       1  BANK0       1
                cstackCOMMON                   000070  00000B  00007B        70       1  COMMON      1
                strings                        000200  00000A  00020A       400       0  STRING      2
                text3                          00020A  00000C  000216       414       0  CODE        2


UNUSED ADDRESS RANGES

        Name                Unused          Largest block    Delta
        BANK0            0038-006F             38           1
        BANK1            00A0-00EF             50           1
        BANK2            0120-016F             50           1
        CODE             0002-0003              2           2
                         01FE-01FF              2
                         0216-0FFF            5EA
        COMMON           007B-007D              3           1
        CONST            0002-0003              2           2
                         01FE-01FF              2
                         0216-0FFF            100
        EEDATA           2100-21FF            100           2
        ENTRY            0002-0003              2           2
                         01FE-01FF              2
                         0216-0FFF            100
        RAM              0038-006F             38           1
                         00A0-00EF             50
                         0120-016F             50
        SFR0             0000-001F             20           1
        SFR1             0080-009F             20           1
        SFR2             0100-011F             20           1
        SFR3             0180-01EF             70           1
        STRCODE          0002-0003              2           2
                         01FE-01FF              2
                         0216-0FFF            DEA
        STRING           0002-0003              2           2
                         01FE-01FF              2
                         0216-0FFF            100

                                  Symbol Table

?_CheckHV                         cstackCOMMON 0072
FlashLED1@p                       cstackCOMMON 0076
FlashLED1@period                  cstackCOMMON 0072
FlashLED1@times                   cstackCOMMON 0075
_ADCON0                           (abs)        001F
_ADCON0bits                       (abs)        001F
_ADCON1                           (abs)        009F
_ADRESH                           (abs)        001E
_ADRESL                           (abs)        009E
_ANSEL                            (abs)        011E
_ANSELH                           (abs)        011F
_ANSELbits                        (abs)        011E
_CCP1CON                          (abs)        0017
_CCP1CONbits                      (abs)        0017
_CCPR1L                           (abs)        0015
_CM1CON0                          (abs)        0119
_CM1CON0bits                      (abs)        0119
_CM2CON0bits                      (abs)        011A
_CheckHV                          text5        01A3
_FlashLED1                        text4        00E9
_HV                               bssBANK0     0032
_INTCON                           (abs)        000B
_INTCONbits                       (abs)        000B
_IOCA                             (abs)        0096
_IOCB                             (abs)        0116
_Isr                              text6        0176
_OSCCON                           (abs)        008F
_PIE1bits                         (abs)        008C
_PIE2bits                         (abs)        008D
_PIR1                             (abs)        000C
_PIR1bits                         (abs)        000C
_PIR2                             (abs)        000D
_PIR2bits                         (abs)        000D
_PORTA                            (abs)        0005
_PORTAbits                        (abs)        0005
_PORTB                            (abs)        0006
_PORTBbits                        (abs)        0006
_PORTC                            (abs)        0007
_PORTCbits                        (abs)        0007
_PR2                              (abs)        0092
_PSTRCON                          (abs)        019D
_T1CON                            (abs)        0010
_T1CONbits                        (abs)        0010
_T2CONbits                        (abs)        0012
_TMR1H                            (abs)        000F
_TMR1L                            (abs)        000E
_TRISA                            (abs)        0085
_TRISB                            (abs)        0086
_TRISC                            (abs)        0087
_TRISCbits                        (abs)        0087
_VRCON                            (abs)        0118
__Habs1                           abs1         0000
__Hbank0                          bank0        0000
__Hbank1                          bank1        0000
__Hbank2                          bank2        0000
__Hbank3                          bank3        0000
__HbssBANK0                       bssBANK0     0000
__HbssCOMMON                      bssCOMMON    0000
__Hcinit                          cinit        002F
__Hclrtext                        clrtext      0000
__Hcode                           code         0000
__Hcommon                         common       0000
__Hconfig                         config       2008
__HcstackBANK0                    cstackBANK0  0000
__HcstackCOMMON                   cstackCOMMON 0000
__HdataBANK0                      dataBANK0    0000
__HdataCOMMON                     dataCOMMON   0000
__Heeprom_data                    eeprom_data  0000
__Hend_init                       end_init     000D
__Hfunctab                        functab      0000
__HidataBANK0                     idataBANK0   0000
__HidataCOMMON                    idataCOMMON  0000
__Hidloc                          idloc        2004
__Hinit                           init         000B
__Hinittext                       inittext     0000
__Hintentry                       intentry     000B
__Hmaintext                       maintext     0000
__Hpowerup                        powerup      0000
__Hram                            ram          0000
__Hreset_vec                      reset_vec    0002
__Hsfr0                           sfr0         0000
__Hsfr1                           sfr1         0000
__Hsfr2                           sfr2         0000
__Hsfr3                           sfr3         0000
__Hspace_0                        (abs)        0216
__Hspace_1                        (abs)        007B
__Hspace_2                        (abs)        0000
__Hspace_3                        (abs)        0000
__Hspace_4                        (abs)        400F
__Hstack                          stack        0000
__Hstrings                        strings      0000
__Htext                           text         0000
__Labs1                           abs1         0000
__Lbank0                          bank0        0000
__Lbank1                          bank1        0000
__Lbank2                          bank2        0000
__Lbank3                          bank3        0000
__LbssBANK0                       bssBANK0     0000
__LbssCOMMON                      bssCOMMON    0000
__Lcinit                          cinit        000D
__Lclrtext                        clrtext      0000
__Lcode                           code         0000
__Lcommon                         common       0000
__Lconfig                         config       0000
__LcstackBANK0                    cstackBANK0  0000
__LcstackCOMMON                   cstackCOMMON 0000
__LdataBANK0                      dataBANK0    0000
__LdataCOMMON                     dataCOMMON   0000
__Leeprom_data                    eeprom_data  0000
__Lend_init                       end_init     000B
__Lfunctab                        functab      0000
__LidataBANK0                     idataBANK0   0000
__LidataCOMMON                    idataCOMMON  0000
__Lidloc                          idloc        0000
__Linit                           init         000B
__Linittext                       inittext     0000
__Lintentry                       intentry     0004
__Lmaintext                       maintext     0000
__Lpowerup                        powerup      0000
__Lram                            ram          0000
__Lreset_vec                      reset_vec    0000
__Lsfr0                           sfr0         0000
__Lsfr1                           sfr1         0000
__Lsfr2                           sfr2         0000
__Lsfr3                           sfr3         0000
__Lspace_0                        (abs)        0000
__Lspace_1                        (abs)        0000
__Lspace_2                        (abs)        0000
__Lspace_3                        (abs)        0000
__Lspace_4                        (abs)        0000
__Lstack                          stack        0000
__Lstrings                        strings      0000
__Ltext                           text         0000
__S0                              (abs)        0216
__S1                              (abs)        007B
__S3                              (abs)        0000
___int_sp                         stack        0000
___latbits                        (abs)        0001
___sp                             stack        0000
___stackhi                        (abs)        0000
___stacklo                        (abs)        0000
__end_of_CheckHV                  text5        01C3
__end_of_FlashLED1                text4        0138
__end_of_Isr                      text6        01A3
__end_of_TestVoltage              strings      020A
__end_of__initialization          cinit        002C
__end_of__stringtab               strings      0206
__end_of_doSetup                  text1        0176
__end_of_main                     maintext     00E9
__end_of_minimumVoltage           strings      0208
__end_of_setupactualSpeedPulses   text3        0214
__end_of_startPWM                 text2        01E1
__initialization                  cinit        000D
__pbssBANK0                       bssBANK0     002C
__pbssCOMMON                      bssCOMMON    0077
__pcstackBANK0                    cstackBANK0  0035
__pcstackCOMMON                   cstackCOMMON 0070
__pdataBANK0                      dataBANK0    0020
__pdataCOMMON                     dataCOMMON   0079
__pidataBANK0                     idataBANK0   01F2
__pidataCOMMON                    idataCOMMON  0214
__pintentry                       intentry     0004
__pmaintext                       maintext     002F
__pstrings                        strings      0200
__ptext1                          text1        0138
__ptext2                          text2        01C3
__ptext3                          text3        020A
__ptext4                          text4        00E9
__ptext5                          text5        01A3
__ptext6                          text6        0176
__stringbase                      strings      0205
__stringtab                       strings      0200
_actualSpeedPulses                bssBANK0     002C
_button_history_UserPowerOn_input bssCOMMON    0078
_button_history_speedDN           dataCOMMON   0079
_button_history_speedUP           dataCOMMON   007A
_desiredSpeed                     dataBANK0    0020
_desiredSpeedCtr                  bssCOMMON    0077
_doSetup                          text1        0138
_main                             maintext     002F
_setupactualSpeedPulses           text3        020A
_startPWM                         text2        01C3
btemp                             (abs)        007E
end_of_initialization             cinit        002C
init_fetch0                       inittext     01E1
init_ram0                         inittext     01E5
interrupt_function                intentry     0004
intlevel0                         functab      0000
intlevel1                         functab      0000
intlevel2                         functab      0000
intlevel3                         functab      0000
intlevel4                         functab      0000
intlevel5                         functab      0000
reset_vec                         reset_vec    0000
saved_w                           (abs)        007E
start                             init         000B
start_initialization              cinit        000D
wtemp0                            (abs)        007E


MODULE INFORMATION

Module		Function		Class		Link	Load	Size
PF906_base_code_v4b.c
		_doSetup       		CODE           	0138	0000	62
		_startPWM      		CODE           	01C3	0000	30
		_setupactualSpeedPulses		CODE           	020A	0000	10
		_CheckHV       		CODE           	01A3	0000	32
		_Isr           		CODE           	0176	0000	45
		_main          		CODE           	002F	0000	186
		_FlashLED1     		CODE           	00E9	0000	79

PF906_base_code_v4b.c estimated size: 444

shared
		__stringtab    		STRING         	0200	0000	6
		_TestVoltage   		STRING         	0000	0000	0
		__initialization		CODE           	000D	0000	31
		_minimumVoltage		STRING         	0000	0000	0

shared estimated size: 37

